<html>
<body>
<pre>
<h1>µVision Build Log</h1>
<h2>Project:</h2>
F:\ZengKW\Artillery Academy\FreeRTOS_F3Discovery_TEST\FreeRTOS_F3Discovery_TEST.uvprojx
Project File Date:  03/14/2014

<h2>Output:</h2>
Build target 'STM32F303'
linking...
Program Size: Code=9972 RO-data=444 RW-data=168 ZI-data=17192  
FromELF: creating hex file...
".\Output\FreeRTOS_F3Discovery_TEST.axf" - 0 Error(s), 0 Warning(s).

<h2>Software Packages used:</h2>

Package Vendor: ARM
                http://www.keil.com/pack/ARM.CMSIS.3.20.4.pack
                ARM::CMSIS:CORE:3.20.0
                Cortex Microcontroller Software Interface Standard (CMSIS) CORE, DSP, RTOS, Driver
   * Component: CORE Version: 3.20.0
   * Component: DSP Version: 1.4.1

Package Vendor: Keil
                http://www.keil.com/pack/Keil.STM32F3xx_DFP.1.0.1.pack
                Keil::Device:Startup:1.0.0
                STMicroelectronics STM32F3 Series Device Support and Examples
   * Component: Startup Version: 1.0.0

<h2>Collection of Component include folders:</h2>
  F:\ZengKW\Artillery Academy\FreeRTOS_F3Discovery_TEST\RTE
  D:\Keil_v5\ARM\PACK\ARM\CMSIS\3.20.4\CMSIS\Include
  D:\Keil_v5\ARM\PACK\Keil\STM32F3xx_DFP\1.0.1\Device\Include

<h2>Collection of Component Files used:</h2>

   * Component: ARM::CMSIS:CORE:3.20.0

   * Component: ARM::CMSIS:DSP:1.4.1
      Include file:  CMSIS\Include\arm_math.h
      Library file:  CMSIS\Lib\ARM\arm_cortexM4lf_math.lib

   * Component: Keil::Device:Startup:1.0.0
      Include file:  Device\Include\stm32f30x.h
      Source file:   Device\Source\ARM\STM32F3xx_OPT.s
      Source file:   Device\Source\ARM\startup_stm32f30x.s
      Source file:   Device\Source\system_stm32f30x.c
Load "F:\\ZengKW\\Artillery Academy\\FreeRTOS_F3Discovery_TEST\\Output\\FreeRTOS_F3Discovery_TEST.axf" 
Error: Flash Download failed  -  Target DLL has been cancelled
Load "F:\\ZengKW\\Artillery Academy\\FreeRTOS_F3Discovery_TEST\\Output\\FreeRTOS_F3Discovery_TEST.axf" 
Error: Flash Download failed  -  Target DLL has been cancelled
Load "F:\\ZengKW\\Artillery Academy\\FreeRTOS_F3Discovery_TEST\\Output\\FreeRTOS_F3Discovery_TEST.axf" 
Error: Flash Download failed  -  Target DLL has been cancelled
Load "F:\\ZengKW\\Artillery Academy\\FreeRTOS_F3Discovery_TEST\\Output\\FreeRTOS_F3Discovery_TEST.axf" 
Error: Flash Download failed  -  Target DLL has been cancelled
Load "F:\\ZengKW\\Artillery Academy\\FreeRTOS_F3Discovery_TEST\\Output\\FreeRTOS_F3Discovery_TEST.axf" 
Error: Flash Download failed  -  Target DLL has been cancelled
Load "F:\\ZengKW\\Artillery Academy\\FreeRTOS_F3Discovery_TEST\\Output\\FreeRTOS_F3Discovery_TEST.axf" 
Error: Flash Download failed  -  Target DLL has been cancelled
</pre>
</body>
</html>
rors
compiling stm32f30x_gpio.c...
".\Output\FreeRTOS_F3Discovery_TEST.axf" - 14 Error(s), 1 Warning(s).

<h2>Software Packages used:</h2>

Package Vendor: ARM
                http://www.keil.com/pack/ARM.CMSIS.3.20.4.pack
                ARM::CMSIS:CORE:3.20.0
                Cortex Microcontroller Software Interface Standard (CMSIS) CORE, DSP, RTOS, Driver
   * Component: CORE Version: 3.20.0
   * Component: DSP Version: 1.4.1

Package Vendor: Keil
                http://www.keil.com/pack/Keil.STM32F3xx_DFP.1.0.1.pack
                Keil::Device:Startup:1.0.0
                STMicroelectronics STM32F3 Series Device Support and Examples
   * Component: Startup Version: 1.0.0

<h2>Collection of Component include folders:</h2>
  F:\ZengKW\Artillery Academy\FreeRTOS_F3Discovery_TEST\RTE
  D:\Keil_v5\ARM\PACK\ARM\CMSIS\3.20.4\CMSIS\Include
  D:\Keil_v5\ARM\PACK\Keil\STM32F3xx_DFP\1.0.1\Device\Include

<h2>Collection of Component Files used:</h2>

   * Component: ARM::CMSIS:CORE:3.20.0

   * Component: ARM::CMSIS:DSP:1.4.1
      Include file:  CMSIS\Include\arm_math.h
      Library file:  CMSIS\Lib\ARM\arm_cortexM4lf_math.lib

   * Component: Keil::Device:Startup:1.0.0
      Include file:  Device\Include\stm32f30x.h
      Source file:   Device\Source\ARM\STM32F3xx_OPT.s
      Source file:   Device\Source\ARM\startup_stm32f30x.s
      Source file:   Device\Source\system_stm32f30x.c
Target not created
RM\STM32F3xx_OPT.s
      Source file:   Device\Source\ARM\startup_stm32f30x.s
      Source file:   Device\Source\system_stm32f30x.c
Target not created
